#
# There is insufficient memory for the Java Runtime Environment to continue.
# Native memory allocation (mmap) failed to map 264241152 bytes for G1 virtual space
# Possible reasons:
#   The system is out of physical RAM or swap space
#   The process is running with CompressedOops enabled, and the Java Heap may be blocking the growth of the native heap
# Possible solutions:
#   Reduce memory load on the system
#   Increase physical memory or swap space
#   Check if swap backing store is full
#   Decrease Java heap size (-Xmx/-Xms)
#   Decrease number of Java threads
#   Decrease Java thread stack sizes (-Xss)
#   Set larger code cache with -XX:ReservedCodeCacheSize=
#   JVM is running with Zero Based Compressed Oops mode in which the Java heap is
#     placed in the first 32GB address space. The Java Heap base address is the
#     maximum limit for the native heap growth. Please use -XX:HeapBaseMinAddress
#     to set the Java Heap base and to place the Java Heap above 32GB virtual address.
# This output file may be truncated or incomplete.
#
#  Out of Memory Error (os_windows.cpp:3603), pid=14668, tid=26660
#
# JRE version:  (21.0.6+8) (build )
# Java VM: Java HotSpot(TM) 64-Bit Server VM (21.0.6+8-LTS-188, mixed mode, emulated-client, sharing, tiered, compressed oops, compressed class ptrs, g1 gc, windows-amd64)
# No core dump will be written. Minidumps are not enabled by default on client versions of Windows
#

---------------  S U M M A R Y ------------

Command Line: -XX:TieredStopAtLevel=1 -Dspring.output.ansi.enabled=always -Dcom.sun.management.jmxremote -Dspring.jmx.enabled=true -Dspring.liveBeansView.mbeanDomain -Dspring.application.admin.enabled=true -Dmanagement.endpoints.jmx.exposure.include=* -javaagent:C:\Users\OS\AppData\Local\Programs\IntelliJ IDEA Ultimate 2025.1\lib\idea_rt.jar=52410 -Dfile.encoding=UTF-8 -Dsun.stdout.encoding=UTF-8 -Dsun.stderr.encoding=UTF-8 com.quangnt0000.be_modul.BeModulApplication

Host: 12th Gen Intel(R) Core(TM) i5-12500H, 16 cores, 15G,  Windows 11 , 64 bit Build 22621 (10.0.22621.5415)
Time: Wed Dec 31 20:54:11 2025 SE Asia Standard Time elapsed time: 0.013459 seconds (0d 0h 0m 0s)

---------------  T H R E A D  ---------------

Current thread (0x000001f13add25a0):  JavaThread "Unknown thread" [_thread_in_vm, id=26660, stack(0x0000009acfe00000,0x0000009acff00000) (1024K)]

Stack: [0x0000009acfe00000,0x0000009acff00000]
Native frames: (J=compiled Java code, j=interpreted, Vv=VM code, C=native code)
V  [jvm.dll+0x6ca6d9]
V  [jvm.dll+0x854f51]
V  [jvm.dll+0x85747e]
V  [jvm.dll+0x857b53]
V  [jvm.dll+0x27dcc6]
V  [jvm.dll+0x6c6e55]
V  [jvm.dll+0x6bb9da]
V  [jvm.dll+0x35393a]
V  [jvm.dll+0x35b596]
V  [jvm.dll+0x3adefe]
V  [jvm.dll+0x3ae1a8]
V  [jvm.dll+0x327cbc]
V  [jvm.dll+0x32881b]
V  [jvm.dll+0x81e309]
V  [jvm.dll+0x3babe1]
V  [jvm.dll+0x807658]
V  [jvm.dll+0x44fdae]
V  [jvm.dll+0x4519a1]
C  [jli.dll+0x52a3]
C  [ucrtbase.dll+0x29333]
C  [KERNEL32.DLL+0x1259d]
C  [ntdll.dll+0x5af78]


---------------  P R O C E S S  ---------------

Threads class SMR info:
_java_thread_list=0x00007ff8f921cc08, length=0, elements={
}

Java Threads: ( => current thread )
Total: 0

Other Threads:
  0x000001f13d08d140 WorkerThread "GC Thread#0"                     [id=24192, stack(0x0000009acff00000,0x0000009ad0000000) (1024K)]
  0x000001f13ae8eb90 ConcurrentGCThread "G1 Main Marker"            [id=25796, stack(0x0000009ad0000000,0x0000009ad0100000) (1024K)]
  0x000001f13d09e590 WorkerThread "G1 Conc#0"                       [id=4996, stack(0x0000009ad0100000,0x0000009ad0200000) (1024K)]

[error occurred during error reporting (printing all threads), id 0xc0000005, EXCEPTION_ACCESS_VIOLATION (0xc0000005) at pc=0x00007ff8f898a427]
VM state: not at safepoint (not fully initialized)

VM Mutex/Monitor currently owned by a thread:  ([mutex/lock_event])
[0x00007ff8f928df98] Heap_lock - owner thread: 0x000001f13add25a0

Heap address: 0x0000000704800000, size: 4024 MB, Compressed Oops mode: Zero based, Oop shift amount: 3

CDS archive(s) mapped at: [0x0000000000000000-0x0000000000000000-0x0000000000000000), size 0, SharedBaseAddress: 0x0000000800000000, ArchiveRelocationMode: 1.
Narrow klass base: 0x0000000000000000, Narrow klass shift: 0, Narrow klass range: 0x0

GC Precious Log:
 CardTable entry size: 512
 Card Set container configuration: InlinePtr #cards 4 size 8 Array Of Cards #cards 16 size 48 Howl #buckets 8 coarsen threshold 3686 Howl Bitmap #cards 512 size 80 coarsen threshold 460 Card regions per heap region 1 cards per card region 4096

Heap:
 garbage-first heap   total 0K, used 0K [0x0000000704800000, 0x0000000800000000)
  region size 2048K, 0 young (0K), 0 survivors (0K)

[error occurred during error reporting (printing heap information), id 0xc0000005, EXCEPTION_ACCESS_VIOLATION (0xc0000005) at pc=0x00007ff8f8d736a9]
GC Heap History (0 events):
No events

Dll operation events (1 events):
Event: 0.010 Loaded shared library C:\Program Files\Java\jdk-21\bin\java.dll

Deoptimization events (0 events):
No events

Classes loaded (0 events):
No events

Classes unloaded (0 events):
No events

Classes redefined (0 events):
No events

Internal exceptions (0 events):
No events

ZGC Phase Switch (0 events):
No events

VM Operations (0 events):
No events

Events (0 events):
No events


Dynamic libraries:
0x00007ff65eef0000 - 0x00007ff65ef00000 	C:\Program Files\Java\jdk-21\bin\java.exe
0x00007ff944010000 - 0x00007ff944228000 	C:\Windows\SYSTEM32\ntdll.dll
0x00007ff941cb0000 - 0x00007ff941d74000 	C:\Windows\System32\KERNEL32.DLL
0x00007ff941660000 - 0x00007ff941a33000 	C:\Windows\System32\KERNELBASE.dll
0x00007ff941120000 - 0x00007ff941231000 	C:\Windows\System32\ucrtbase.dll
0x00007ff8f9420000 - 0x00007ff8f943b000 	C:\Program Files\Java\jdk-21\bin\VCRUNTIME140.dll
0x00007ff8f9400000 - 0x00007ff8f9419000 	C:\Program Files\Java\jdk-21\bin\jli.dll
0x00007ff941d80000 - 0x00007ff941e31000 	C:\Windows\System32\ADVAPI32.dll
0x00007ff943e10000 - 0x00007ff943eb7000 	C:\Windows\System32\msvcrt.dll
0x00007ff943d40000 - 0x00007ff943de8000 	C:\Windows\System32\sechost.dll
0x00007ff9413b0000 - 0x00007ff9413d8000 	C:\Windows\System32\bcrypt.dll
0x00007ff943500000 - 0x00007ff943618000 	C:\Windows\System32\RPCRT4.dll
0x00007ff9436b0000 - 0x00007ff943862000 	C:\Windows\System32\USER32.dll
0x00007ff941c80000 - 0x00007ff941ca6000 	C:\Windows\System32\win32u.dll
0x00007ff943040000 - 0x00007ff943069000 	C:\Windows\System32\GDI32.dll
0x00007ff926e80000 - 0x00007ff92711c000 	C:\Windows\WinSxS\amd64_microsoft.windows.common-controls_6595b64144ccf1df_6.0.22621.6060_none_2712eda17382d24b\COMCTL32.dll
0x00007ff9413e0000 - 0x00007ff9414fb000 	C:\Windows\System32\gdi32full.dll
0x00007ff941500000 - 0x00007ff94159a000 	C:\Windows\System32\msvcp_win.dll
0x00007ff935c70000 - 0x00007ff935c7a000 	C:\Windows\SYSTEM32\VERSION.dll
0x00007ff943f30000 - 0x00007ff943f61000 	C:\Windows\System32\IMM32.DLL
0x00007ff938450000 - 0x00007ff93845c000 	C:\Program Files\Java\jdk-21\bin\vcruntime140_1.dll
0x00007ff8f9370000 - 0x00007ff8f93fe000 	C:\Program Files\Java\jdk-21\bin\msvcp140.dll
0x00007ff8f8650000 - 0x00007ff8f936a000 	C:\Program Files\Java\jdk-21\bin\server\jvm.dll
0x00007ff943630000 - 0x00007ff9436a1000 	C:\Windows\System32\WS2_32.dll
0x00007ff937980000 - 0x00007ff9379b4000 	C:\Windows\SYSTEM32\WINMM.dll
0x00007ff93ff40000 - 0x00007ff93ff8d000 	C:\Windows\SYSTEM32\POWRPROF.dll
0x00007ff93ff20000 - 0x00007ff93ff33000 	C:\Windows\SYSTEM32\UMPDC.dll
0x00007ff9401d0000 - 0x00007ff9401e8000 	C:\Windows\SYSTEM32\kernel.appcore.dll
0x00007ff91a0e0000 - 0x00007ff91a0ea000 	C:\Program Files\Java\jdk-21\bin\jimage.dll
0x00007ff93e570000 - 0x00007ff93e7a3000 	C:\Windows\SYSTEM32\DBGHELP.DLL
0x00007ff9439a0000 - 0x00007ff943d31000 	C:\Windows\System32\combase.dll
0x00007ff943870000 - 0x00007ff943948000 	C:\Windows\System32\OLEAUT32.dll
0x00007ff924750000 - 0x00007ff924782000 	C:\Windows\SYSTEM32\dbgcore.DLL
0x00007ff941c00000 - 0x00007ff941c7b000 	C:\Windows\System32\bcryptPrimitives.dll
0x00007ff93a160000 - 0x00007ff93a16f000 	C:\Program Files\Java\jdk-21\bin\instrument.dll
0x00007ff8f8630000 - 0x00007ff8f864f000 	C:\Program Files\Java\jdk-21\bin\java.dll

dbghelp: loaded successfully - version: 4.0.5 - missing functions: none
symbol engine: initialized successfully - sym options: 0x614 - pdb path: .;C:\Program Files\Java\jdk-21\bin;C:\Windows\SYSTEM32;C:\Windows\WinSxS\amd64_microsoft.windows.common-controls_6595b64144ccf1df_6.0.22621.6060_none_2712eda17382d24b;C:\Program Files\Java\jdk-21\bin\server

VM Arguments:
jvm_args: -XX:TieredStopAtLevel=1 -Dspring.output.ansi.enabled=always -Dcom.sun.management.jmxremote -Dspring.jmx.enabled=true -Dspring.liveBeansView.mbeanDomain -Dspring.application.admin.enabled=true -Dmanagement.endpoints.jmx.exposure.include=* -javaagent:C:\Users\OS\AppData\Local\Programs\IntelliJ IDEA Ultimate 2025.1\lib\idea_rt.jar=52410 -Dfile.encoding=UTF-8 -Dsun.stdout.encoding=UTF-8 -Dsun.stderr.encoding=UTF-8 
java_command: com.quangnt0000.be_modul.BeModulApplication
java_class_path (initial): D:\1_test\data-lake\be\target\classes;C:\Users\OS\.m2\repository\org\springframework\boot\spring-boot-starter-data-jdbc\4.0.0\spring-boot-starter-data-jdbc-4.0.0.jar;C:\Users\OS\.m2\repository\org\springframework\boot\spring-boot-starter\4.0.0\spring-boot-starter-4.0.0.jar;C:\Users\OS\.m2\repository\org\springframework\boot\spring-boot-starter-logging\4.0.0\spring-boot-starter-logging-4.0.0.jar;C:\Users\OS\.m2\repository\ch\qos\logback\logback-classic\1.5.21\logback-classic-1.5.21.jar;C:\Users\OS\.m2\repository\ch\qos\logback\logback-core\1.5.21\logback-core-1.5.21.jar;C:\Users\OS\.m2\repository\org\apache\logging\log4j\log4j-to-slf4j\2.25.2\log4j-to-slf4j-2.25.2.jar;C:\Users\OS\.m2\repository\org\slf4j\jul-to-slf4j\2.0.17\jul-to-slf4j-2.0.17.jar;C:\Users\OS\.m2\repository\org\springframework\boot\spring-boot-autoconfigure\4.0.0\spring-boot-autoconfigure-4.0.0.jar;C:\Users\OS\.m2\repository\jakarta\annotation\jakarta.annotation-api\3.0.0\jakarta.annotation-api-3.0.0.jar;C:\Users\OS\.m2\repository\org\yaml\snakeyaml\2.5\snakeyaml-2.5.jar;C:\Users\OS\.m2\repository\org\springframework\boot\spring-boot-starter-jdbc\4.0.0\spring-boot-starter-jdbc-4.0.0.jar;C:\Users\OS\.m2\repository\com\zaxxer\HikariCP\7.0.2\HikariCP-7.0.2.jar;C:\Users\OS\.m2\repository\org\springframework\boot\spring-boot-data-jdbc\4.0.0\spring-boot-data-jdbc-4.0.0.jar;C:\Users\OS\.m2\repository\org\springframework\boot\spring-boot-data-commons\4.0.0\spring-boot-data-commons-4.0.0.jar;C:\Users\OS\.m2\repository\org\springframework\boot\spring-boot-persistence\4.0.0\spring-boot-persistence-4.0.0.jar;C:\Users\OS\.m2\repository\org\springframework\data\spring-data-commons\4.0.0\spring-data-commons-4.0.0.jar;C:\Users\OS\.m2\repository\org\springframework\data\spring-data-jdbc\4.0.0\spring-data-jdbc-4.0.0.jar;C:\Users\OS\.m2\repository\org\springframework\data\spring-data-relational\4.0.0\spring-data-relational-4.0.0.jar;C:\Users\OS\.m2\repository\org\springframework\spring-tx\7.0.1\spring-tx-7.0.1.jar;C:\Users\OS\.m2\repository\org\springframework\spring-context\7.0.1\spring-context-7.0.1.jar;C:\Users\OS\.m2\repository\org\springframework\boot\spring-boot-jdbc\4.0.0\spring-boot-jdbc-4.0.0.jar;C:\Users\OS\.m2\repository\org\springframework\boot\spring-boot\4.0.0\spring-boot-4.0.0.jar;C:\Users\OS\.m2\repository\org\springframework\boot\spring-boot-sql\4.0.0\spring-boot-sql-4.0.0.jar;C:\Users\OS\.m2\repository\org\springframework\boot\spring-boot-transaction\4.0.0\spring-boot-transaction-4.0.0.jar;C:\Users\OS\.m2\repository\org\springframework\spring-jdbc\7.0.1\spring-jdbc-7.0.1.jar;C:\Users\OS\.m2\repository\org\springframework\boot\spring-boot-starter-data-jpa\4.0.0\spring-boot-starter-data-jpa-4.0.0.jar;C:\Users\OS\.m2\repository\org\springframework\boot\spring-boot-data-jpa\4.0.0\spring-boot-data-jpa-4.0.0.jar;C:\Users\OS\.m2\repository\org\springframework\boot\spring-boot-hibernate\4.0.0\spring-boot-hibernate-4.0.0.jar;C:\Users\OS\.m2\repository\org\springframework\boot\spring-boot-jpa\4.0.0\spring-boot-jpa-4.0.0.jar;C:\Users\OS\.m2\repository\jakarta\persistence\jakarta.persistence-api\3.2.0\jakarta.persistence-api-3.2.0.jar;C:\Users\OS\.m2\repository\org\hibernate\orm\hibernate-core\7.1.8.Final\hibernate-core-7.1.8.Final.jar;C:\Users\OS\.m2\repository\jakarta\transaction\jakarta.transaction-api\2.0.1\jakarta.transaction-api-2.0.1.jar;C:\Users\OS\.m2\repository\org\jboss\logging\jboss-logging\3.6.1.Final\jboss-logging-3.6.1.Final.jar;C:\Users\OS\.m2\repository\org\hibernate\models\hibernate-models\1.0.1\hibernate-models-1.0.1.jar;C:\Users\OS\.m2\repository\com\fasterxml\classmate\1.7.1\classmate-1.7.1.jar;C:\Users\OS\.m2\repository\org\glassfish\jaxb\jaxb-runtime\4.0.6\jaxb-runtime-4.0.6.jar;C:\Users\OS\.m2\repository\org\glassfish\jaxb\jaxb-core\4.0.6\jaxb-core-4.0.6.jar;C:\Users\OS\.m2\repository\org\eclipse\angus\angus-activation\2.0.3\angus-activation-2.0.3.jar;C:\Users\OS\.m2\repository\org\glassfish\jaxb\txw2\4.0.6\txw2-4.0.6.jar;C:\Users\OS\.m2\repository\com\sun\istack\istack-commons-runtime\4.1.2\istack-commons-runtime-4.1.2.jar;C:\Users\OS\.m2\repository\jakarta\inject\jakarta.inject-api\2.0.1\jakarta.inject-api-2.0.1.jar;C:\Users\OS\.m2\repository\org\springframework\spring-orm\7.0.1\spring-orm-7.0.1.jar;C:\Users\OS\.m2\repository\org\springframework\data\spring-data-jpa\4.0.0\spring-data-jpa-4.0.0.jar;C:\Users\OS\.m2\repository\org\antlr\antlr4-runtime\4.13.2\antlr4-runtime-4.13.2.jar;C:\Users\OS\.m2\repository\org\springframework\spring-aspects\7.0.1\spring-aspects-7.0.1.jar;C:\Users\OS\.m2\repository\org\aspectj\aspectjweaver\1.9.25\aspectjweaver-1.9.25.jar;C:\Users\OS\.m2\repository\org\springframework\boot\spring-boot-starter-webmvc\4.0.0\spring-boot-starter-webmvc-4.0.0.jar;C:\Users\OS\.m2\repository\org\springframework\boot\spring-boot-starter-jackson\4.0.0\spring-boot-starter-jackson-4.0.0.jar;C:\Users\OS\.m2\repository\org\springframework\boot\spring-boot-jackson\4.0.0\spring-boot-jackson-4.0.0.jar;C:\Users\OS\.m2\repository\tools\jackson\core\jackson-databind\3.0.2\jackson-databind-3.0.2.jar;C:\Users\OS\.m2\repository\tools\jackson\core\jackson-core\3.0.2\jackson-core-3.0.2.jar;C:\Users\OS\.m2\repository\org\springframework\boot\spring-boot-starter-tomcat\4.0.0\spring-boot-starter-tomcat-4.0.0.jar;C:\Users\OS\.m2\repository\org\springframework\boot\spring-boot-starter-tomcat-runtime\4.0.0\spring-boot-starter-tomcat-runtime-4.0.0.jar;C:\Users\OS\.m2\repository\org\apache\tomcat\embed\tomcat-embed-core\11.0.14\tomcat-embed-core-11.0.14.jar;C:\Users\OS\.m2\repository\org\apache\tomcat\embed\tomcat-embed-el\11.0.14\tomcat-embed-el-11.0.14.jar;C:\Users\OS\.m2\repository\org\apache\tomcat\embed\tomcat-embed-websocket\11.0.14\tomcat-embed-websocket-11.0.14.jar;C:\Users\OS\.m2\repository\org\springframework\boot\spring-boot-tomcat\4.0.0\spring-boot-tomcat-4.0.0.jar;C:\Users\OS\.m2\repository\org\springframework\boot\spring-boot-http-converter\4.0.0\spring-boot-http-converter-4.0.0.jar;C:\Users\OS\.m2\repository\org\springframework\spring-web\7.0.1\spring-web-7.0.1.jar;C:\Users\OS\.m2\repository\io\micrometer\micrometer-observation\1.16.0\micrometer-observation-1.16.0.jar;C:\Users\OS\.m2\repository\io\micrometer\micrometer-commons\1.16.0\micrometer-commons-1.16.0.jar;C:\Users\OS\.m2\repository\org\springframework\boot\spring-boot-webmvc\4.0.0\spring-boot-webmvc-4.0.0.jar;C:\Users\OS\.m2\repository\org\springframework\boot\spring-boot-servlet\4.0.0\spring-boot-servlet-4.0.0.jar;C:\Users\OS\.m2\repository\org\springframework\spring-webmvc\7.0.1\spring-webmvc-7.0.1.jar;C:\Users\OS\.m2\repository\org\springframework\spring-expression\7.0.1\spring-expression-7.0.1.jar;C:\Users\OS\.m2\repository\org\postgresql\postgresql\42.7.8\postgresql-42.7.8.jar;C:\Users\OS\.m2\repository\org\checkerframework\checker-qual\3.49.5\checker-qual-3.49.5.jar;C:\Users\OS\.m2\repository\org\projectlombok\lombok\1.18.42\lombok-1.18.42.jar;C:\Users\OS\.m2\repository\jakarta\xml\bind\jakarta.xml.bind-api\4.0.4\jakarta.xml.bind-api-4.0.4.jar;C:\Users\OS\.m2\repository\jakarta\activation\jakarta.activation-api\2.1.4\jakarta.activation-api-2.1.4.jar;C:\Users\OS\.m2\repository\net\bytebuddy\byte-buddy\1.17.8\byte-buddy-1.17.8.jar;C:\Users\OS\.m2\repository\org\springframework\spring-core\7.0.1\spring-core-7.0.1.jar;C:\Users\OS\.m2\repository\commons-logging\commons-logging\1.3.5\commons-logging-1.3.5.jar;C:\Users\OS\.m2\repository\org\jspecify\jspecify\1.0.0\jspecify-1.0.0.jar;C:\Users\OS\.m2\repository\org\springframework\boot\spring-boot-web-server\4.0.0\spring-boot-web-server-4.0.0.jar;C:\Users\OS\.m2\repository\com\itextpdf\itextpdf\5.5.13.3\itextpdf-5.5.13.3.jar;C:\Users\OS\.m2\repository\org\apache\poi\poi-ooxml\5.4.0\poi-ooxml-5.4.0.jar;C:\Users\OS\.m2\repository\org\apache\poi\poi\5.4.0\poi-5.4.0.jar;C:\Users\OS\.m2\repository\commons-codec\commons-codec\1.19.0\commons-codec-1.19.0.jar;C:\Users\OS\.m2\repository\org\apache\commons\commons-math3\3.6.1\commons-math3-3.6.1.jar;C:\Users\OS\.m2\repository\com\zaxxer\SparseBitSet\1.3\SparseBitSet-1.3.jar;C:\Users\OS\.m2\repository\org\apache\poi\poi-ooxml-lite\5.4.0\poi-ooxml-lite-5.4.0.jar;C:\Users\OS\.m2\repository\org\apache\xmlbeans\xmlbeans\5.3.0\xmlbeans-5.3.0.jar;C:\Users\OS\.m2\repository\org\apache\commons\commons-compress\1.27.1\commons-compress-1.27.1.jar;C:\Users\OS\.m2\repository\org\apache\commons\commons-lang3\3.19.0\commons-lang3-3.19.0.jar;C:\Users\OS\.m2\repository\commons-io\commons-io\2.18.0\commons-io-2.18.0.jar;C:\Users\OS\.m2\repository\com\github\virtuald\curvesapi\1.08\curvesapi-1.08.jar;C:\Users\OS\.m2\repository\org\apache\logging\log4j\log4j-api\2.25.2\log4j-api-2.25.2.jar;C:\Users\OS\.m2\repository\org\apache\commons\commons-collections4\4.4\commons-collections4-4.4.jar;C:\Users\OS\.m2\repository\org\springframework\boot\spring-boot-starter-security\4.0.0\spring-boot-starter-security-4.0.0.jar;C:\Users\OS\.m2\repository\org\springframework\boot\spring-boot-security\4.0.0\spring-boot-security-4.0.0.jar;C:\Users\OS\.m2\repository\org\springframework\security\spring-security-config\7.0.0\spring-security-config-7.0.0.jar;C:\Users\OS\.m2\repository\org\springframework\security\spring-security-core\7.0.0\spring-security-core-7.0.0.jar;C:\Users\OS\.m2\repository\org\springframework\security\spring-security-crypto\7.0.0\spring-security-crypto-7.0.0.jar;C:\Users\OS\.m2\repository\org\springframework\security\spring-security-web\7.0.0\spring-security-web-7.0.0.jar;C:\Users\OS\.m2\repository\org\springframework\spring-aop\7.0.1\spring-aop-7.0.1.jar;C:\Users\OS\.m2\repository\org\springframework\spring-beans\7.0.1\spring-beans-7.0.1.jar;C:\Users\OS\.m2\repository\org\springframework\boot\spring-boot-starter-oauth2-resource-server\4.0.0\spring-boot-starter-oauth2-resource-server-4.0.0.jar;C:\Users\OS\.m2\repository\org\springframework\boot\spring-boot-security-oauth2-resource-server\4.0.0\spring-boot-security-oauth2-resource-server-4.0.0.jar;C:\Users\OS\.m2\repository\org\springframework\security\spring-security-oauth2-jose\7.0.0\spring-security-oauth2-jose-7.0.0.jar;C:\Users\OS\.m2\repository\org\springframework\security\spring-security-oauth2-core\7.0.0\spring-security-oauth2-core-7.0.0.jar;C:\Users\OS\.m2\repository\com\nimbusds\nimbus-jose-jwt\10.4\nimbus-jose-jwt-10.4.jar;C:\Users\OS\.m2\repository\org\springframework\security\spring-security-oauth2-resource-server\7.0.0\spring-security-oauth2-resource-server-7.0.0.jar;C:\Users\OS\.m2\repository\io\jsonwebtoken\jjwt-api\0.11.5\jjwt-api-0.11.5.jar;C:\Users\OS\.m2\repository\io\jsonwebtoken\jjwt-impl\0.11.5\jjwt-impl-0.11.5.jar;C:\Users\OS\.m2\repository\io\jsonwebtoken\jjwt-jackson\0.11.5\jjwt-jackson-0.11.5.jar;C:\Users\OS\.m2\repository\org\modelmapper\modelmapper\3.1.1\modelmapper-3.1.1.jar;C:\Users\OS\.m2\repository\software\amazon\awssdk\s3\2.25.20\s3-2.25.20.jar;C:\Users\OS\.m2\repository\software\amazon\awssdk\aws-xml-protocol\2.25.20\aws-xml-protocol-2.25.20.jar;C:\Users\OS\.m2\repository\software\amazon\awssdk\aws-query-protocol\2.25.20\aws-query-protocol-2.25.20.jar;C:\Users\OS\.m2\repository\software\amazon\awssdk\protocol-core\2.25.20\protocol-core-2.25.20.jar;C:\Users\OS\.m2\repository\software\amazon\awssdk\arns\2.25.20\arns-2.25.20.jar;C:\Users\OS\.m2\repository\software\amazon\awssdk\profiles\2.25.20\profiles-2.25.20.jar;C:\Users\OS\.m2\repository\software\amazon\awssdk\crt-core\2.25.20\crt-core-2.25.20.jar;C:\Users\OS\.m2\repository\software\amazon\awssdk\http-auth\2.25.20\http-auth-2.25.20.jar;C:\Users\OS\.m2\repository\software\amazon\awssdk\identity-spi\2.25.20\identity-spi-2.25.20.jar;C:\Users\OS\.m2\repository\software\amazon\awssdk\http-auth-spi\2.25.20\http-auth-spi-2.25.20.jar;C:\Users\OS\.m2\repository\org\reactivestreams\reactive-streams\1.0.4\reactive-streams-1.0.4.jar;C:\Users\OS\.m2\repository\software\amazon\awssdk\http-auth-aws\2.25.20\http-auth-aws-2.25.20.jar;C:\Users\OS\.m2\repository\software\amazon\awssdk\checksums\2.25.20\checksums-2.25.20.jar;C:\Users\OS\.m2\repository\software\amazon\awssdk\checksums-spi\2.25.20\checksums-spi-2.25.20.jar;C:\Users\OS\.m2\repository\software\amazon\awssdk\sdk-core\2.25.20\sdk-core-2.25.20.jar;C:\Users\OS\.m2\repository\org\slf4j\slf4j-api\2.0.17\slf4j-api-2.0.17.jar;C:\Users\OS\.m2\repository\software\amazon\awssdk\auth\2.25.20\auth-2.25.20.jar;C:\Users\OS\.m2\repository\software\amazon\eventstream\eventstream\1.0.1\eventstream-1.0.1.jar;C:\Users\OS\.m2\repository\software\amazon\awssdk\http-client-spi\2.25.20\http-client-spi-2.25.20.jar;C:\Users\OS\.m2\repository\software\amazon\awssdk\regions\2.25.20\regions-2.25.20.jar;C:\Users\OS\.m2\repository\software\amazon\awssdk\annotations\2.25.20\annotations-2.25.20.jar;C:\Users\OS\.m2\repository\software\amazon\awssdk\utils\2.25.20\utils-2.25.20.jar;C:\Users\OS\.m2\repository\software\amazon\awssdk\aws-core\2.25.20\aws-core-2.25.20.jar;C:\Users\OS\.m2\repository\software\amazon\awssdk\metrics-spi\2.25.20\metrics-spi-2.25.20.jar;C:\Users\OS\.m2\repository\software\amazon\awssdk\json-utils\2.25.20\json-utils-2.25.20.jar;C:\Users\OS\.m2\repository\software\amazon\awssdk\third-party-jackson-core\2.25.20\third-party-jackson-core-2.25.20.jar;C:\Users\OS\.m2\repository\software\amazon\awssdk\endpoints-spi\2.25.20\endpoints-spi-2.25.20.jar;C:\Users\OS\.m2\repository\software\amazon\awssdk\apache-client\2.25.20\apache-client-2.25.20.jar;C:\Users\OS\.m2\repository\org\apache\httpcomponents\httpclient\4.5.13\httpclient-4.5.13.jar;C:\Users\OS\.m2\repository\org\apache\httpcomponents\httpcore\4.4.16\httpcore-4.4.16.jar;C:\Users\OS\.m2\repository\software\amazon\awssdk\netty-nio-client\2.25.20\netty-nio-client-2.25.20.jar;C:\Users\OS\.m2\repository\io\netty\netty-codec-http\4.2.7.Final\netty-codec-http-4.2.7.Final.jar;C:\Users\OS\.m2\repository\io\netty\netty-codec-base\4.2.7.Final\netty-codec-base-4.2.7.Final.jar;C:\Users\OS\.m2\repository\io\netty\netty-codec-compression\4.2.7.Final\netty-codec-compression-4.2.7.Final.jar;C:\Users\OS\.m2\repository\io\netty\netty-codec-http2\4.2.7.Final\netty-codec-http2-4.2.7.Final.jar;C:\Users\OS\.m2\repository\io\netty\netty-codec\4.2.7.Final\netty-codec-4.2.7.Final.jar;C:\Users\OS\.m2\repository\io\netty\netty-codec-protobuf\4.2.7.Final\netty-codec-protobuf-4.2.7.Final.jar;C:\Users\OS\.m2\repository\io\netty\netty-codec-marshalling\4.2.7.Final\netty-codec-marshalling-4.2.7.Final.jar;C:\Users\OS\.m2\repository\io\netty\netty-transport\4.2.7.Final\netty-transport-4.2.7.Final.jar;C:\Users\OS\.m2\repository\io\netty\netty-common\4.2.7.Final\netty-common-4.2.7.Final.jar;C:\Users\OS\.m2\repository\io\netty\netty-buffer\4.2.7.Final\netty-buffer-4.2.7.Final.jar;C:\Users\OS\.m2\repository\io\netty\netty-handler\4.2.7.Final\netty-handler-4.2.7.Final.jar;C:\Users\OS\.m2\repository\io\netty\netty-transport-native-unix-common\4.2.7.Final\netty-transport-native-unix-common-4.2.7.Final.jar;C:\Users\OS\.m2\repository\io\netty\netty-transport-classes-epoll\4.2.7.Final\netty-transport-classes-epoll-4.2.7.Final.jar;C:\Users\OS\.m2\repository\io\netty\netty-resolver\4.2.7.Final\netty-resolver-4.2.7.Final.jar;C:\Users\OS\.m2\repository\com\mysql\mysql-connector-j\9.0.0\mysql-connector-j-9.0.0.jar;C:\Users\OS\.m2\repository\com\fasterxml\jackson\core\jackson-databind\2.20.1\jackson-databind-2.20.1.jar;C:\Users\OS\.m2\repository\com\fasterxml\jackson\core\jackson-annotations\2.20\jackson-annotations-2.20.jar;C:\Users\OS\.m2\repository\com\fasterxml\jackson\core\jackson-core\2.20.1\jackson-core-2.20.1.jar
Launcher Type: SUN_STANDARD

[Global flags]
     intx CICompilerCount                          = 12                                        {product} {ergonomic}
     uint ConcGCThreads                            = 3                                         {product} {ergonomic}
     uint G1ConcRefinementThreads                  = 13                                        {product} {ergonomic}
   size_t G1HeapRegionSize                         = 2097152                                   {product} {ergonomic}
    uintx GCDrainStackTargetSize                   = 64                                        {product} {ergonomic}
   size_t InitialHeapSize                          = 264241152                                 {product} {ergonomic}
     bool ManagementServer                         = true                                      {product} {command line}
   size_t MarkStackSize                            = 4194304                                   {product} {ergonomic}
   size_t MaxHeapSize                              = 4219469824                                {product} {ergonomic}
   size_t MinHeapDeltaBytes                        = 2097152                                   {product} {ergonomic}
   size_t MinHeapSize                              = 8388608                                   {product} {ergonomic}
    uintx NonNMethodCodeHeapSize                   = 4096                                   {pd product} {ergonomic}
    uintx NonProfiledCodeHeapSize                  = 0                                      {pd product} {ergonomic}
     bool ProfileInterpreter                       = false                                  {pd product} {command line}
    uintx ProfiledCodeHeapSize                     = 0                                      {pd product} {ergonomic}
   size_t SoftMaxHeapSize                          = 4219469824                             {manageable} {ergonomic}
     intx TieredStopAtLevel                        = 1                                         {product} {command line}
     bool UseCompressedOops                        = true                           {product lp64_product} {ergonomic}
     bool UseG1GC                                  = true                                      {product} {ergonomic}
     bool UseLargePagesIndividualAllocation        = false                                  {pd product} {ergonomic}

Logging:
Log output configuration:
 #0: stdout all=warning uptime,level,tags foldmultilines=false
 #1: stderr all=off uptime,level,tags foldmultilines=false

Environment Variables:
PATH=c:\Users\OS\AppData\Local\Programs\cursor\resources\app\bin;C:\Program Files\CocCoc\Browser\Application;C:\Program Files (x86)\VMware\VMware Player\bin\;C:\Program Files\Microsoft MPI\Bin\;C:\Program Files\Common Files\Oracle\Java\javapath;C:\Windows\system32;C:\Windows;C:\Windows\System32\Wbem;C:\Windows\System32\WindowsPowerShell\v1.0\;C:\Windows\System32\OpenSSH\;C:\Program Files\Git\cmd;C:\Program Files\nodejs\;C:\Program Files (x86)\Microsoft SQL Server\160\Tools\Binn\;C:\Program Files\Microsoft SQL Server\160\Tools\Binn\;C:\Program Files\Microsoft SQL Server\Client SDK\ODBC\170\Tools\Binn\;C:\Program Files\Microsoft SQL Server\160\DTS\Binn\;C:\Program Files (x86)\Microsoft SQL Server\160\DTS\Binn\;C:\Program Files\Redis;C:\Users\OS\AppData\Local\Programs\Python\Python313\Scripts\;C:\Users\OS\AppData\Local\Programs\Python\Python313\;C:\Users\OS\AppData\Local\Microsoft\WindowsApps;C:\Program Files\JetBrains\IntelliJ IDEA 2025.1\bin;C:\Program Files\JetBrains;C:\Program Files\Docker\Docker\resources\bin;C:\Users\OS\Downloads\apache-maven-3.9.11-bin\apache-maven-3.9.11\bin;C:\Users\OS\Downloads\ngrok-v3-stable-windows-amd64;C:\Program Files\Cloudflare\Cloudflare WARP\;C:\Users\OS\AppData\Local\Programs\Python\Python313\Scripts\;C:\Users\OS\AppData\Local\Programs\Python\Python313\;C:\Users\OS\AppData\Local\Microsoft\WindowsApps;;C:\Program Files\JetBrains\IntelliJ IDEA 2025.1\bin;;C:\Users\OS\AppData\Local\Programs\Microsoft VS Code\bin;C:\Program Files\JetBrains\IntelliJ IDEA Community Edition 2025.1\bin;;C:\Users\OS\AppData\Roaming\npm;C:\Users\OS\AppData\Local\Programs\cursor\resources\app\bin
USERNAME=OS
OS=Windows_NT
PROCESSOR_IDENTIFIER=Intel64 Family 6 Model 154 Stepping 3, GenuineIntel
TMP=C:\Users\OS\AppData\Local\Temp
TEMP=C:\Users\OS\AppData\Local\Temp




Periodic native trim disabled

---------------  S Y S T E M  ---------------

OS:
 Windows 11 , 64 bit Build 22621 (10.0.22621.5415)
OS uptime: 0 days 3:56 hours
Hyper-V role detected

CPU: total 16 (initial active 16) (8 cores per cpu, 2 threads per core) family 6 model 154 stepping 3 microcode 0x41b, cx8, cmov, fxsr, ht, mmx, 3dnowpref, sse, sse2, sse3, ssse3, sse4.1, sse4.2, popcnt, lzcnt, tsc, tscinvbit, avx, avx2, aes, erms, clmul, bmi1, bmi2, adx, sha, fma, vzeroupper, clflush, clflushopt, clwb, hv, serialize, rdtscp, rdpid, fsrm, f16c, cet_ibt, cet_ss
Processor Information for processor 0
  Max Mhz: 3100, Current Mhz: 3100, Mhz Limit: 3100
Processor Information for processor 1
  Max Mhz: 3100, Current Mhz: 3100, Mhz Limit: 3100
Processor Information for processor 2
  Max Mhz: 3100, Current Mhz: 3100, Mhz Limit: 3100
Processor Information for processor 3
  Max Mhz: 3100, Current Mhz: 3100, Mhz Limit: 3100
Processor Information for processor 4
  Max Mhz: 3100, Current Mhz: 3100, Mhz Limit: 3100
Processor Information for processor 5
  Max Mhz: 3100, Current Mhz: 3100, Mhz Limit: 3100
Processor Information for processor 6
  Max Mhz: 3100, Current Mhz: 3100, Mhz Limit: 3100
Processor Information for processor 7
  Max Mhz: 3100, Current Mhz: 3100, Mhz Limit: 3100
Processor Information for processor 8
  Max Mhz: 3100, Current Mhz: 2232, Mhz Limit: 2232
Processor Information for processor 9
  Max Mhz: 3100, Current Mhz: 2232, Mhz Limit: 2232
Processor Information for processor 10
  Max Mhz: 3100, Current Mhz: 2232, Mhz Limit: 2232
Processor Information for processor 11
  Max Mhz: 3100, Current Mhz: 2232, Mhz Limit: 2232
Processor Information for processor 12
  Max Mhz: 3100, Current Mhz: 2232, Mhz Limit: 2232
Processor Information for processor 13
  Max Mhz: 3100, Current Mhz: 1488, Mhz Limit: 2232
Processor Information for processor 14
  Max Mhz: 3100, Current Mhz: 2232, Mhz Limit: 2232
Processor Information for processor 15
  Max Mhz: 3100, Current Mhz: 2232, Mhz Limit: 2232

Memory: 4k page, system-wide physical 16088M (2260M free)
TotalPageFile size 41713M (AvailPageFile size 248M)
current process WorkingSet (physical memory assigned to process): 11M, peak: 11M
current process commit charge ("private bytes"): 66M, peak: 318M

vm_info: Java HotSpot(TM) 64-Bit Server VM (21.0.6+8-LTS-188) for windows-amd64 JRE (21.0.6+8-LTS-188), built on 2024-12-03T10:50:54Z by "mach5one" with MS VC++ 17.6 (VS2022)

END.
